// Jest Snapshot v1, https://goo.gl/fbAQLP

exports[`Contact Page renders 1`] = `
.c0 {
  bottom: 0;
  width: 100%;
  height: -webkit-fit-content;
  height: -moz-fit-content;
  height: fit-content;
}

.c3 {
  font-family: Optima,Segoe,'Segoe UI',Candara,Calibri,Arial,sans-serif;
  font-size: 50px;
  font-style: normal;
  font-variant: small-caps;
  font-weight: 700;
  color: white;
  text-align: center;
}

.c1 {
  padding: 20vh 0 20vh 0;
  font-size: 2rem;
  color: #343a40;
  margin: 0;
  background-image: url(DRflag.jpg);
  background-position: center;
  background-size: 3840px 2600px;
  background-repeat: no-repeat;
}

.c4 {
  font-family: Optima,Segoe,'Segoe UI',Candara,Calibri,Arial,sans-serif;
  font-size: 50px;
  font-style: normal;
  font-variant: small-caps;
  font-weight: 500;
  font-size: 30px;
  margin-top: 40px;
  position: absolute;
  left: 50%;
  -ms-transform: translate(-50%,0%);
  -webkit-transform: translate(-50%,0%);
  -ms-transform: translate(-50%,0%);
  transform: translate(-50%,0%);
}

.c2 {
  background-color: #002d62;
  padding: 25px 75px;
  border-radius: 100px;
  margin-bottom: 60px;
  height: 350px;
}

<div
  className="c0"
>
  <div
    className="c1 jumbotron"
  >
    <div
      className="c2 container"
    >
      <div
        className="c3"
      >
        Mailing List
      </div>
      <p
        style={
          Object {
            "color": "white",
            "marginTop": "40px",
            "textAlign": "center",
          }
        }
      >
        Subscribe to stay up to date with the latest club news!
      </p>
      <a
        className="c4 btn btn-danger btn-lg"
        href="http://eepurl.com/gRikBb"
        onClick={[Function]}
        onKeyDown={[Function]}
        target="_blank"
      >
        Subscribe
      </a>
    </div>
  </div>
</div>
`;
