// Jest Snapshot v1, https://goo.gl/fbAQLP

exports[`Contact Page renders 1`] = `
.c0 {
  bottom: 0;
  width: 100%;
  height: -webkit-fit-content;
  height: -moz-fit-content;
  height: fit-content;
}

.c2 {
  font-size: 4rem;
}

.c1 {
  padding: 20vh 0 20vh 0;
  font-size: 2rem;
  color: #343a40;
  margin: 0;
}

<div
  className="c0"
>
  <div
    className="c1 jumbotron jumbotron-fluid"
  >
    <div
      className="container"
    >
      <h1
        className="c2"
      >
        Mailing List
      </h1>
      <p>
        Join our mailing list to stay up to date!
      </p>
      <a
        className="btn btn-dark btn-lg"
        href="http://eepurl.com/gRikBb"
        onClick={[Function]}
        onKeyDown={[Function]}
      >
        Subscribe
      </a>
    </div>
  </div>
</div>
`;
