// Jest Snapshot v1, https://goo.gl/fbAQLP

exports[`Gallery Page renders 1`] = `
.c0 {
  display: -webkit-box;
  display: -webkit-flex;
  display: -ms-flexbox;
  display: flex;
  -webkit-box-pack: center;
  -webkit-justify-content: center;
  -ms-flex-pack: center;
  justify-content: center;
}

.c1 {
  font-family: Optima,Segoe,'Segoe UI',Candara,Calibri,Arial,sans-serif;
  font-size: 50px;
  font-style: normal;
  font-variant: small-caps;
  font-weight: 700;
  padding: 4%;
  margin-bottom: -2%;
  text-align: center;
  background: -webkit-linear-gradient(0.5turn,#ce1126,#002d62);
  -webkit-background-clip: text;
  -webkit-text-fill-color: transparent;
}

<div
  className="container"
>
  <div
    className="c0 row"
  >
    <div
      className="c1"
    >
      Photo Gallery Page
    </div>
  </div>
</div>
`;
