// Jest Snapshot v1, https://goo.gl/fbAQLP

exports[`Home Page renders 1`] = `
.c0 {
  display: -webkit-box;
  display: -webkit-flex;
  display: -ms-flexbox;
  display: flex;
  -webkit-box-pack: center;
  -webkit-justify-content: center;
  -ms-flex-pack: center;
  justify-content: center;
}

.c1 {
  font-family: Roboto;
}

<div
  className="container"
>
  <div
    className="c0 row"
  >
    <h1
      className="c1"
    >
      Home Page
    </h1>
  </div>
  <div
    className="c0 row"
  >
    <button
      className="btn btn-primary"
      disabled={false}
      type="button"
    >
      a random button
    </button>
  </div>
</div>
`;
