// Jest Snapshot v1, https://goo.gl/fbAQLP

exports[`Home Page renders 1`] = `
.c10 {
  -webkit-transition: -webkit-transform 0.2s;
  -webkit-transition: transform 0.2s;
  transition: transform 0.2s;
}

.c10:hover {
  -webkit-transform: scale(1.1);
  -ms-transform: scale(1.1);
  transform: scale(1.1);
}

.c11 {
  width: 100px;
  height: 100px;
  border-radius: 25px;
}

.c0 {
  font-family: Roboto;
  padding: 5%;
  text-align: center;
}

.c5 {
  -webkit-transition: -webkit-transform 0.2s;
  -webkit-transition: transform 0.2s;
  transition: transform 0.2s;
  max-width: 200px;
}

.c5:hover {
  -webkit-transform: scale(1.1);
  -ms-transform: scale(1.1);
  transform: scale(1.1);
}

.c4 {
  -webkit-box-pack: center;
  -webkit-justify-content: center;
  -ms-flex-pack: center;
  justify-content: center;
  display: -webkit-box;
  display: -webkit-flex;
  display: -ms-flexbox;
  display: flex;
  padding: 20px 20px 20px 0px;
}

.c6 {
  width: 100px;
  height: 100px;
  border-radius: 25px;
}

.c7 {
  padding: 20px 0px 20px 0px;
  background-color: #eee;
  width: 100%;
  -webkit-box-pack: center;
  -webkit-justify-content: center;
  -ms-flex-pack: center;
  justify-content: center;
  display: grid;
  margin: 50px 0px;
}

.c1 {
  padding: 20px 0px 20px 0px;
  -webkit-box-pack: center;
  -webkit-justify-content: center;
  -ms-flex-pack: center;
  justify-content: center;
  display: -webkit-box;
  display: -webkit-flex;
  display: -ms-flexbox;
  display: flex;
}

.c3 {
  padding: 20px 0px 20px 0px;
  background-color: #eee;
  width: 100%;
  -webkit-box-pack: center;
  -webkit-justify-content: center;
  -ms-flex-pack: center;
  justify-content: center;
  margin: 50px 0px;
  display: -webkit-box;
  display: -webkit-flex;
  display: -ms-flexbox;
  display: flex;
  grid-template-columns: repeat(3,150px);
  grid-gap: 30px;
}

.c8 {
  display: -webkit-box;
  display: -webkit-flex;
  display: -ms-flexbox;
  display: flex;
  -webkit-box-pack: center;
  -webkit-justify-content: center;
  -ms-flex-pack: center;
  justify-content: center;
  margin: 15px;
}

.c9 {
  margin: 25px;
  display: grid;
  grid-template-columns: repeat(6,150px);
  box-sizing: border-box;
  width: 850px;
  height: 10%;
}

.c12 {
  margin: 10px;
  display: grid;
  grid-template-columns: repeat(3,150px);
}

.c2 {
  width: 1100px;
  height: 600px;
}

<div
  className="container"
>
  <h1
    className="c0"
  >
    Welcome to the DSA at UF!
  </h1>
  <div
    className="c1"
  >
    <div
      className="carousel slide"
      onKeyDown={[Function]}
      onMouseOut={[Function]}
      onMouseOver={[Function]}
      onTouchEnd={[Function]}
      onTouchMove={[Function]}
      onTouchStart={[Function]}
    >
      <ol
        className="carousel-indicators"
      >
        <li
          className="active"
          onClick={[Function]}
        />
        <li
          onClick={[Function]}
        />
        <li
          onClick={[Function]}
        />
      </ol>
      <div
        className="carousel-inner"
      >
        <div
          className="active carousel-item"
          interval={4000}
        >
          <img
            className="c2"
            src="DSA Carousel.jpeg"
          />
        </div>
        <div
          className="carousel-item"
          interval={4000}
        >
          <img
            className="c2"
            src="DSA Carousel2.jpg"
          />
        </div>
        <div
          className="carousel-item"
          interval={4000}
        >
          <img
            className="c2"
            src="DSA Carousel3.jpg"
          />
        </div>
      </div>
      <a
        className="carousel-control-prev"
        href="#"
        onClick={[Function]}
        onKeyDown={[Function]}
        role="button"
      >
        <span
          aria-hidden="true"
          className="carousel-control-prev-icon"
        />
        <span
          className="sr-only"
        >
          Previous
        </span>
      </a>
      <a
        className="carousel-control-next"
        href="#"
        onClick={[Function]}
        onKeyDown={[Function]}
        role="button"
      >
        <span
          aria-hidden="true"
          className="carousel-control-next-icon"
        />
        <span
          className="sr-only"
        >
          Next
        </span>
      </a>
    </div>
  </div>
  <h1
    className="c0"
  >
    ¡¿Que lo que?! Welcome to the Dominican Student Association at the University of Florida! Join our GroupMe or follow us on Instagram or Facebook for event information, memes, and friendship!
  </h1>
  <div
    className="c3"
  >
    <p
      className="c4"
    >
      <h1>
        Find us here as well:
      </h1>
    </p>
    <div
      className="c5"
    >
      <a
        href="https://www.facebook.com/DSAatUF"
        title="Facebook"
      >
        <img
          className="c6"
          src="facebook.svg"
        />
      </a>
    </div>
    <div
      className="c5"
    >
      <a
        href="https://www.instagram.com/uf.dsa/"
        title="Instagram"
      >
        <img
          className="c6"
          src="instagram.svg"
        />
      </a>
    </div>
    <div
      className="c5"
    >
      <a
        href="https://groupme.com/join_group/53205471/hXrFzndj"
        title="GroupMe"
      >
        <img
          className="c6"
          src="groupme.svg"
        />
      </a>
    </div>
  </div>
  <div
    className="c7"
  >
    <p
      className="c4"
    >
      <h1>
        Parent Organization:
      </h1>
    </p>
    <div
      className="c8"
    >
      <div
        className="c5"
      >
        <a
          href="https://www.ufhsa.com/"
          style={
            Object {
              "color": "#000",
            }
          }
          target="_blank"
        >
          <img
            src="HispanicStudentLogo.png"
          />
          <div
            className="card-title h5"
            style={
              Object {
                "fontSize": "26px",
                "paddingTop": "20px",
                "textAlign": "center",
              }
            }
          >
            Hispanic Student Association
          </div>
        </a>
      </div>
    </div>
    <br />
    <p
      className="c4"
    >
      <h1>
        In Association With:
      </h1>
    </p>
    <div
      className="c9"
    >
      <div
        className="c10"
      >
        <a
          href="https://www.ufhsa.com/argentina"
          style={
            Object {
              "color": "#000",
            }
          }
          target="_blank"
        >
          <img
            className="c11"
            src="ArgentineStudentsLogo.png"
          />
          <div
            className="card-title h5"
            style={
              Object {
                "fontSize": "17px",
                "padding": "25px 50px 25px 0px",
                "textAlign": "center",
              }
            }
          >
            Argentine Student Association
          </div>
        </a>
      </div>
      <div
        className="c10"
      >
        <a
          href="https://www.ufhsa.com/tango"
          style={
            Object {
              "color": "#000",
            }
          }
          target="_blank"
        >
          <img
            className="c11"
            src="ArgentineTango.png"
          />
          <div
            className="card-title h5"
            style={
              Object {
                "fontSize": "17px",
                "padding": "25px 50px 25px 0px",
                "textAlign": "center",
              }
            }
          >
            Argentine Tango Club
          </div>
        </a>
      </div>
      <div
        className="c10"
      >
        <a
          href="https://www.ufhsa.com/cuba"
          style={
            Object {
              "color": "#000",
            }
          }
          target="_blank"
        >
          <img
            className="c11"
            src="CubanAmericanLogo.png"
          />
          <div
            className="card-title h5"
            style={
              Object {
                "fontSize": "17px",
                "padding": "25px 50px 25px 0px",
                "textAlign": "center",
              }
            }
          >
            Cuban American Student Association
          </div>
        </a>
      </div>
      <div
        className="c10"
      >
        <a
          href="https://www.ufhsa.com/centralamerica"
          style={
            Object {
              "color": "#000",
            }
          }
          target="_blank"
        >
          <img
            className="c11"
            src="CentralAmericanLogo.png"
          />
          <div
            className="card-title h5"
            style={
              Object {
                "fontSize": "17px",
                "padding": "25px 50px 25px 0px",
                "textAlign": "center",
              }
            }
          >
            Central American Latino Organization
          </div>
        </a>
      </div>
      <div
        className="c10"
      >
        <a
          href="https://www.ufhsa.com/salsa"
          style={
            Object {
              "color": "#000",
            }
          }
          target="_blank"
        >
          <img
            className="c11"
            src="GatorSalsaLogo.png"
          />
          <div
            className="card-title h5"
            style={
              Object {
                "fontSize": "17px",
                "padding": "25px 50px 25px 0px",
                "textAlign": "center",
              }
            }
          >
            Gator Salsa Club
          </div>
        </a>
      </div>
      <div
        className="c10"
      >
        <a
          href="https://www.ufhsa.com/hispanic-communicators"
          style={
            Object {
              "color": "#000",
            }
          }
          target="_blank"
        >
          <img
            className="c11"
            src="HispanicCommunicatorsLogo.png"
          />
          <div
            className="card-title h5"
            style={
              Object {
                "fontSize": "17px",
                "padding": "25px 50px 25px 0px",
                "textAlign": "center",
              }
            }
          >
            Hispanic Communicators Association
          </div>
        </a>
      </div>
      <div
        className="c10"
      >
        <a
          href="https://www.ufhsa.com/mexico"
          style={
            Object {
              "color": "#000",
            }
          }
          target="_blank"
        >
          <img
            className="c11"
            src="MexicanStudentLogo.png"
          />
          <div
            className="card-title h5"
            style={
              Object {
                "fontSize": "17px",
                "padding": "25px 50px 25px 0px",
                "textAlign": "center",
              }
            }
          >
            Mexican-American Student Association
          </div>
        </a>
      </div>
      <div
        className="c10"
      >
        <a
          href="https://www.ufhsa.com/peru"
          style={
            Object {
              "color": "#000",
            }
          }
          target="_blank"
        >
          <img
            className="c11"
            src="PeruvianAmericanLogo.png"
          />
          <div
            className="card-title h5"
            style={
              Object {
                "fontSize": "17px",
                "padding": "25px 50px 25px 0px",
                "textAlign": "center",
              }
            }
          >
            Peruvian American Student Society
          </div>
        </a>
      </div>
      <div
        className="c10"
      >
        <a
          href="https://www.ufhsa.com/colombia"
          style={
            Object {
              "color": "#000",
            }
          }
          target="_blank"
        >
          <img
            className="c11"
            src="PorColombiaLogo.png"
          />
          <div
            className="card-title h5"
            style={
              Object {
                "fontSize": "17px",
                "padding": "25px 50px 25px 0px",
                "textAlign": "center",
              }
            }
          >
            Por Colombia
          </div>
        </a>
      </div>
      <div
        className="c10"
      >
        <a
          href="https://www.ufhsa.com/sabor-latino"
          style={
            Object {
              "color": "#000",
            }
          }
          target="_blank"
        >
          <img
            className="c11"
            src="SaborLatinoLogo.png"
          />
          <div
            className="card-title h5"
            style={
              Object {
                "fontSize": "17px",
                "padding": "25px 50px 25px 0px",
                "textAlign": "center",
              }
            }
          >
            Sabor Latino
          </div>
        </a>
      </div>
      <div
        className="c10"
      >
        <a
          href="https://www.ufhsa.com/puertorico"
          style={
            Object {
              "color": "#000",
            }
          }
          target="_blank"
        >
          <img
            className="c11"
            src="UnionDeEstudiantesLogo.png"
          />
          <div
            className="card-title h5"
            style={
              Object {
                "fontSize": "17px",
                "padding": "25px 50px 25px 0px",
                "textAlign": "center",
              }
            }
          >
            La Union de Estudiantes Puertorriqueños Activos
          </div>
        </a>
      </div>
      <div
        className="c10"
      >
        <a
          href="https://www.ufhsa.com/venezuela"
          style={
            Object {
              "color": "#000",
            }
          }
          target="_blank"
        >
          <img
            className="c11"
            src="VenezuelanStudentLogo.png"
          />
          <div
            className="card-title h5"
            style={
              Object {
                "fontSize": "17px",
                "padding": "25px 50px 25px 0px",
                "textAlign": "center",
              }
            }
          >
            Venezuelan Student Association
          </div>
        </a>
      </div>
    </div>
  </div>
  <div
    className="c7"
  >
    <p
      className="c4"
    >
      <h1>
        Resources
      </h1>
    </p>
    <div
      className="c12"
    >
      <div
        className="c10"
      >
        <a
          href="https://www.ufhsa.com/campus-resources"
          style={
            Object {
              "color": "#000",
            }
          }
          target="_blank"
        >
          <img
            className="c11"
            src="UF logo.png"
          />
          <div
            className="card-title h5"
            style={
              Object {
                "fontSize": "17px",
                "padding": "25px 50px 25px 0px",
                "textAlign": "center",
              }
            }
          >
            Campus Resources
          </div>
        </a>
      </div>
      <div
        className="c10"
      >
        <a
          href="https://www.ufhsa.com/hsa-resources"
          style={
            Object {
              "color": "#000",
            }
          }
          target="_blank"
        >
          <img
            className="c11"
            src="HSA Logo.png"
          />
          <div
            className="card-title h5"
            style={
              Object {
                "fontSize": "17px",
                "padding": "25px 50px 25px 0px",
                "textAlign": "center",
              }
            }
          >
            HSA Resources
          </div>
        </a>
      </div>
      <div
        className="c10"
      >
        <a
          href="https://www.ufhsa.com/mental-health-resources"
          style={
            Object {
              "color": "#000",
            }
          }
          target="_blank"
        >
          <img
            className="c11"
            src="GatorWell.jpg"
          />
          <div
            className="card-title h5"
            style={
              Object {
                "fontSize": "17px",
                "padding": "25px 50px 25px 0px",
                "textAlign": "center",
              }
            }
          >
            Mental Health
          </div>
        </a>
      </div>
    </div>
  </div>
</div>
`;
