// Jest Snapshot v1, https://goo.gl/fbAQLP

exports[`Home Page renders 1`] = `
.c0 {
  position: relative;
  top: 10vh;
  width: 100%;
  height: -webkit-fit-content;
  height: -moz-fit-content;
  height: fit-content;
  text-align: center;
}

.c1 {
  font-family: Roboto;
}

<div
  className="c0"
>
  <h1
    className="c1"
  >
    Home Page
  </h1>
  <button
    className="btn btn-primary"
    disabled={false}
    type="button"
  >
    a random button
  </button>
</div>
`;
