// Jest Snapshot v1, https://goo.gl/fbAQLP

exports[`Navigation Footer renders 1`] = `
.c1 {
  display: -webkit-box;
  display: -webkit-flex;
  display: -ms-flexbox;
  display: flex;
  -webkit-box-pack: center;
  -webkit-justify-content: center;
  -ms-flex-pack: center;
  justify-content: center;
}

.c0 {
  bottom: 0;
  width: 100%;
  height: -webkit-fit-content;
  height: -moz-fit-content;
  height: fit-content;
}

.c2 {
  height: -webkit-fit-content;
  height: -moz-fit-content;
  height: fit-content;
  -webkit-align-items: start;
  -webkit-box-align: start;
  -ms-flex-align: start;
  align-items: start;
  padding: 10vh 20% 10vh 20%;
}

.c3 {
  font-size: 1.5rem;
  -webkit-box-flex: 1;
  -webkit-flex-grow: 1;
  -ms-flex-positive: 1;
  flex-grow: 1;
  -webkit-flex-shrink: 2;
  -ms-flex-negative: 2;
  flex-shrink: 2;
  margin: 0 20px 0 20px;
  padding: 0;
  height: -webkit-fit-content;
  height: -moz-fit-content;
  height: fit-content;
}

.c6 {
  display: grid;
  grid-template-columns: repeat(3,60px);
  gap: 20px;
}

.c7 {
  width: 60px;
  height: 60px;
}

.c4 {
  font-size: 2.5rem;
  margin: 0 0 0.5em 0;
  text-transform: uppercase;
}

.c5 {
  font-size: 1.5rem;
  color: rgba(0,0,0,0.5);
  padding: 0 0 0.5em 0;
}

.c5:hover {
  color: rgba(0,0,0,0.7);
}

<div
  className="c0 bg-light border-top text-secondary"
>
  <div
    className="c1 c2 row"
  >
    <div
      className="c3 col"
    >
      <h1
        className="c4"
      >
        Site Map
      </h1>
      <div
        className="flex-column nav"
        onKeyDown={[Function]}
      >
        <a
          className="c5"
          href="/home"
          onClick={[Function]}
        >
          Home
        </a>
        <a
          className="c5"
          href="/about"
          onClick={[Function]}
        >
          About
        </a>
        <a
          className="c5"
          href="/gallery"
          onClick={[Function]}
        >
          Gallery
        </a>
        <a
          className="c5"
          href="/contact"
          onClick={[Function]}
        >
          Contact
        </a>
      </div>
    </div>
    <div
      className="c3 col"
    >
      <h1
        className="c4"
      >
        Connect
      </h1>
      <div
        className="c6"
      >
        <a
          href="https://www.facebook.com/DSAatUF"
          target="_blank"
        >
          <img
            className="c7"
            src="facebook.svg"
          />
        </a>
        <a
          href="https://www.instagram.com/uf.dsa/"
          target="_blank"
        >
          <img
            className="c7"
            src="instagram.svg"
          />
        </a>
        <a
          href="https://groupme.com/join_group/53205471/hXrFzndj"
          target="_blank"
        >
          <img
            className="c7"
            src="groupme.svg"
          />
        </a>
      </div>
    </div>
    <div
      className="c3 col"
    >
      <h1
        className="c4"
      >
        Contact Us
      </h1>
      <p>
        <b>
          Email
        </b>
        : dsaatuf@gmail.com
      </p>
    </div>
  </div>
</div>
`;
