// Jest Snapshot v1, https://goo.gl/fbAQLP

exports[`Navigation Footer renders 1`] = `
.c0 {
  bottom: 0;
  width: 100%;
  height: -webkit-fit-content;
  height: -moz-fit-content;
  height: fit-content;
}

.c1 {
  display: -webkit-box;
  display: -webkit-flex;
  display: -ms-flexbox;
  display: flex;
  -webkit-box-pack: center;
  -webkit-justify-content: center;
  -ms-flex-pack: center;
  justify-content: center;
  height: -webkit-fit-content;
  height: -moz-fit-content;
  height: fit-content;
  -webkit-align-items: start;
  -webkit-box-align: start;
  -ms-flex-align: start;
  align-items: start;
  margin: 0;
  padding: 10vh 20% 10vh 20%;
}

.c2 {
  font-size: 1.5rem;
  -webkit-box-flex: 1;
  -webkit-flex-grow: 1;
  -ms-flex-positive: 1;
  flex-grow: 1;
  -webkit-flex-shrink: 2;
  -ms-flex-negative: 2;
  flex-shrink: 2;
  margin: 0 20px 0 20px;
  padding: 0;
  height: -webkit-fit-content;
  height: -moz-fit-content;
  height: fit-content;
}

.c5 {
  display: grid;
  grid-template-columns: repeat(3,60px);
  gap: 10px;
}

.c6 {
  width: 50px;
  height: 50px;
}

.c6:hover {
  -webkit-transform: scale(1.2);
  -ms-transform: scale(1.2);
  transform: scale(1.2);
  -webkit-transition-duration: 0.5s;
  transition-duration: 0.5s;
}

.c3 {
  font-size: 2.5rem;
  margin: 0 0 0.5em 0;
  font-weight: 100;
  text-transform: uppercase;
}

.c4 {
  font-size: 1.5rem;
  font-weight: 100;
  color: rgba(0,0,0,0.5);
  padding: 0 0 0.5em 0;
}

.c4:hover {
  color: rgba(0,0,0,0.7);
  -webkit-text-decoration: none;
  text-decoration: none;
}

.c7 {
  display: -webkit-box;
  display: -webkit-flex;
  display: -ms-flexbox;
  display: flex;
  -webkit-box-pack: center;
  -webkit-justify-content: center;
  -ms-flex-pack: center;
  justify-content: center;
  -webkit-align-items: center;
  -webkit-box-align: center;
  -ms-flex-align: center;
  align-items: center;
  position: absolute;
  bottom: 0;
  width: 100%;
}

.c8 {
  position: relative;
  font-size: 25px;
  font-weight: 100;
}

.c8:before {
  content: '';
  position: absolute;
  left: -60px;
  bottom: -20%;
  display: block;
  width: 60px;
  height: 55px;
  background-image: url(Dev_Logo.png);
  background-size: contain;
}

<div
  className="c0 bg-light border-top text-secondary"
  style={
    Object {
      "position": "relative",
    }
  }
>
  <div
    className="c1 row"
  >
    <div
      className="c2 col"
    >
      <h1
        className="c3"
      >
        Site Map
      </h1>
      <div
        className="flex-column nav"
        onKeyDown={[Function]}
      >
        <a
          className="c4"
          href="/home"
          onClick={[Function]}
        >
          Home
        </a>
        <a
          className="c4"
          href="/about"
          onClick={[Function]}
        >
          About
        </a>
        <a
          className="c4"
          href="/gallery"
          onClick={[Function]}
        >
          Gallery
        </a>
        <a
          className="c4"
          href="/contact"
          onClick={[Function]}
        >
          Contact
        </a>
      </div>
    </div>
    <div
      className="c2 col"
    >
      <h1
        className="c3"
      >
        Connect
      </h1>
      <div
        className="c5"
      >
        <a
          href="https://www.facebook.com/DSAatUF"
          target="_blank"
        >
          <img
            className="c6"
            src="facebook.svg"
          />
        </a>
        <a
          href="https://www.instagram.com/uf.dsa/"
          target="_blank"
        >
          <img
            className="c6"
            src="instagram.svg"
          />
        </a>
        <a
          href="https://groupme.com/join_group/53205471/hXrFzndj"
          target="_blank"
        >
          <img
            className="c6"
            src="groupme.svg"
          />
        </a>
      </div>
    </div>
    <div
      className="c2 col"
    >
      <h1
        className="c3"
      >
        Contact Us
      </h1>
      <p>
        Email: dsaatuf@gmail.com
      </p>
    </div>
  </div>
  <div
    className="c7 row"
  >
    <p
      className="c8"
    >
      <em>
         Made with ♥ by DSA Developers
      </em>
    </p>
  </div>
</div>
`;
