// Jest Snapshot v1, https://goo.gl/fbAQLP

exports[`Navigation Navigation bar renders 1`] = `
.c0 {
  margin: 0 0 0 0.5em;
  font-size: 3rem;
}

.c1 {
  font-size: 2rem;
}

.c2 {
  margin: 0 1em 0 0;
  text-transform: uppercase;
}

<nav
  className="navbar border-bottom pl-5 pr-5 navbar navbar-expand navbar-light bg-light"
>
  <a
    className="align-items-center navbar-brand"
    href="/home"
  >
    <img
      alt="DSA Logo"
      className="d-inline-block align-top"
      height="100"
      src="logo.png"
      width="100"
    />
    <span
      className="c0 navbar-text"
    >
      <b>
        DSA
      </b>
       @ UF
    </span>
  </a>
  <div
    className="c1 ml-auto navbar-nav"
    onKeyDown={[Function]}
  >
    <div
      className="c2 nav-item"
    >
      <a
        className="nav-link"
        data-rb-event-key={null}
        disabled={false}
        href="/home"
        onClick={[Function]}
      >
        Home
      </a>
    </div>
    <div
      className="c2 nav-item"
    >
      <a
        className="nav-link"
        data-rb-event-key={null}
        disabled={false}
        href="/about"
        onClick={[Function]}
      >
        About
      </a>
    </div>
    <div
      className="c2 nav-item"
    >
      <a
        className="nav-link"
        data-rb-event-key={null}
        disabled={false}
        href="/gallery"
        onClick={[Function]}
      >
        Gallery
      </a>
    </div>
    <div
      className="c2 nav-item"
    >
      <a
        className="nav-link"
        data-rb-event-key={null}
        disabled={false}
        href="/contact"
        onClick={[Function]}
      >
        Contact
      </a>
    </div>
  </div>
</nav>
`;
